[36mINFO[0m[2026-09-21T14:57:57+03:00] Бот запущен!                                 
[31mERRO[0m[2026-09-21T14:57:57+03:00] PANIC!                                        [31merror[0m=err [31muser_id[0m=42
[36mINFO[0m[2026-09-21T15:02:30+03:00] Бот запущен!                                 
[31mERRO[0m[2026-09-21T15:02:30+03:00] PANIC!                                        [31merror[0m=err [31mstack[0m="goroutine 1 [running]:\nruntime/debug.Stack()\n\tC:/Program Files/Go/src/runtime/debug/stack.go:26 +0x5e\nrBot/internal/service/logger.(*MyLogger).Panic(0x3865f4adc1e0, {0x7ff613f15d57?, 0x3865f4ba8000?, 0x7ff6140dba60?})\n\tC:/go_projects/rBot/internal/service/logger/myLogger.go:68 +0x138\nrBot/internal/bot.Start()\n\tC:/go_projects/rBot/internal/bot/bot.go:20 +0x4f\nmain.main()\n\tC:/go_projects/rBot/main.go:16 +0x7b\n" [31muser_id[0m=42
[36mINFO[0m[2026-09-21T15:03:15+03:00] Бот запущен!                                 
[31mERRO[0m[2026-09-21T15:03:15+03:00] PANIC!goroutine 1 [running]:
runtime/debug.Stack()
	C:/Program Files/Go/src/runtime/debug/stack.go:26 +0x5e
rBot/internal/service/logger.(*MyLogger).Panic(0x398c4ff1a1e0, {0x7ff6fa175d57?, 0x398c5011c000?, 0x7ff6fa33ba60?})
	C:/go_projects/rBot/internal/service/logger/myLogger.go:68 +0x155
rBot/internal/bot.Start()
	C:/go_projects/rBot/internal/bot/bot.go:20 +0x4f
main.main()
	C:/go_projects/rBot/main.go:16 +0x7b  [31merror[0m=err [31muser_id[0m=42
[36mINFO[0m[2026-09-21T22:01:46+03:00] Бот запущен!                                 
[31mERRO[0m[2026-09-21T22:01:46+03:00] PANIC!
goroutine 1 [running]:
runtime/debug.Stack()
	C:/Program Files/Go/src/runtime/debug/stack.go:26 +0x5e
rBot/internal/service/logger.(*MyLogger).Panic(0x3d01b843e1e0, {0x3d01b8516060, 0x1, 0x1})
	C:/go_projects/rBot/internal/service/logger/myLogger.go:67 +0xd1
rBot/internal/bot.Start()
	C:/go_projects/rBot/internal/bot/bot.go:20 +0x59
main.main()
	C:/go_projects/rBot/main.go:16 +0x7b
[test panic] 
[36mINFO[0m[2026-09-21T22:04:11+03:00] Бот запущен!                                 
[31mERRO[0m[2026-09-21T22:04:11+03:00]                                              
[36mINFO[0m[2026-09-21T22:04:43+03:00] Бот запущен!                                 
[31mERRO[0m[2026-09-21T22:04:43+03:00] PANIC!
goroutine 1 [running]:
runtime/debug.Stack()
	C:/Program Files/Go/src/runtime/debug/stack.go:26 +0x5e
rBot/internal/service/logger.(*MyLogger).Panic(0x36be29fb61e0, {0x36be2a10fee0, 0x1, 0x7ff68a289a60?})
	C:/go_projects/rBot/internal/service/logger/myLogger.go:68 +0x48
rBot/internal/bot.Start()
	C:/go_projects/rBot/internal/bot/bot.go:20 +0x4f
main.main()
	C:/go_projects/rBot/main.go:16 +0x7b
test panic 
[36mINFO[0m[2026-09-21T22:07:20+03:00] Бот запущен!                                 
[31mERRO[0m[2026-09-21T22:07:20+03:00] PANIC!
Info:
test panicSTACK: 
goroutine 1 [running]:
runtime/debug.Stack()
	C:/Program Files/Go/src/runtime/debug/stack.go:26 +0x5e
rBot/internal/service/logger.(*MyLogger).Panic(0x138685e161a0, {0x138685eafee0?, 0x1?, 0x7ff743fc9a60?})
	C:/go_projects/rBot/internal/service/logger/myLogger.go:71 +0xf1
rBot/internal/bot.Start()
	C:/go_projects/rBot/internal/bot/bot.go:20 +0x4f
main.main()
	C:/go_projects/rBot/main.go:16 +0x7b 
[36mINFO[0m[2026-09-21T22:07:50+03:00] Бот запущен!                                 
[31mERRO[0m[2026-09-21T22:07:50+03:00] PANIC!
Info:
test panic

STACK: 
goroutine 1 [running]:
runtime/debug.Stack()
	C:/Program Files/Go/src/runtime/debug/stack.go:26 +0x5e
rBot/internal/service/logger.(*MyLogger).Panic(0x23b5eb08c1e0, {0x23b5eb1e5ee0?, 0x1?, 0x7ff79a2c9a60?})
	C:/go_projects/rBot/internal/service/logger/myLogger.go:71 +0xf1
rBot/internal/bot.Start()
	C:/go_projects/rBot/internal/bot/bot.go:20 +0x4f
main.main()
	C:/go_projects/rBot/main.go:16 +0x7b 
[36mINFO[0m[2026-09-21T22:09:28+03:00] Бот запущен!                                 
[31mERRO[0m[2026-09-21T22:09:28+03:00] Ну тут это, бэда!                            
[36mINFO[0m[2026-09-21T22:13:47+03:00] Бот запущен!                                 
[31mERRO[0m[2026-09-21T22:13:47+03:00] Ну тут это, бэда!

STACK: 
goroutine 1 [running]:
runtime/debug.Stack()
	C:/Program Files/Go/src/runtime/debug/stack.go:26 +0x5e
rBot/internal/service/logger.(*MyLogger).Error(0x39dd1d3ac1e0, {0x39dd1d4fdee0, 0x1, 0x7ff77cb29a60?})
	C:/go_projects/rBot/internal/service/logger/myLogger.go:60 +0x37
rBot/internal/bot.Start()
	C:/go_projects/rBot/internal/bot/bot.go:20 +0x4f
main.main()
	C:/go_projects/rBot/main.go:16 +0x7b 
[36mINFO[0m[2026-09-21T22:14:47+03:00] Бот запущен!                                 
[31mERRO[0m[2026-09-21T22:14:47+03:00] Ну тут это, бэда!

STACK: 
goine 1 [running]:
runtime/debug.Stack()
	C:/Program Files/Go/src/runtime/debug/stack.go:26 +0x5e
rBot/internal/service/logger.(*MyLogger).Error(0x3442c14121a0, {0x3442c14abee0, 0x1, 0x7ff7b78c9a60?})
	C:/go_projects/rBot/internal/service/logger/myLogger.go:60 +0x37
rBot/internal/bot.Start()
	C:/go_projects/rBot/internal/bot/bot.go:20 +0x4f
main.main()
	C:/go_projects/rBot/main.go:16 +0x7b 
[36mINFO[0m[2026-09-21T22:14:58+03:00] Бот запущен!                                 
[31mERRO[0m[2026-09-21T22:14:58+03:00] Ну тут это, бэда!

STACK: 
gine 1 [running]:
runtime/debug.Stack()
	C:/Program Files/Go/src/runtime/debug/stack.go:26 +0x5e
rBot/internal/service/logger.(*MyLogger).Error(0x1fd0ef4241e0, {0x1fd0ef57dee0, 0x1, 0x7ff782579a60?})
	C:/go_projects/rBot/internal/service/logger/myLogger.go:60 +0x37
rBot/internal/bot.Start()
	C:/go_projects/rBot/internal/bot/bot.go:20 +0x4f
main.main()
	C:/go_projects/rBot/main.go:16 +0x7b 
[36mINFO[0m[2026-09-21T22:22:28+03:00] Бот запущен!                                 
[31mERRO[0m[2026-09-21T22:22:28+03:00] Ну тут это, бэда!

STACK: 
gine 1 [running]:
	C:/go_projects/rBot/internal/bot/bot.go:20 +0x4f
main.main()
	C:/go_projects/rBot/main.go:16 +0x7b 
[36mINFO[0m[2026-09-21T22:23:05+03:00] Бот запущен!                                 
[31mERRO[0m[2026-09-21T22:23:05+03:00] Ну тут это, бэда!

STACK: 
goroutine 1 [running]:
	C:/go_projects/rBot/internal/bot/bot.go:20 +0x4f
main.main()
	C:/go_projects/rBot/main.go:16 +0x7b 
[36mINFO[0m[2026-09-21T22:23:42+03:00] Бот запущен!                                 
[31mERRO[0m[2026-09-21T22:23:42+03:00] Ну тут это, бэда!

STACK: 
goroutine 1 [running]:
rBot/internal/bot.Start()
	C:/go_projects/rBot/internal/bot/bot.go:20 +0x4f
main.main()
	C:/go_projects/rBot/main.go:16 +0x7b 
[36mINFO[0m[2026-09-21T22:26:17+03:00] Бот запущен!                                 
[31mERRO[0m[2026-09-21T22:26:17+03:00] Ну тут это, бэда!

STACK: 
goroutine 1 [running]:
rBot/internal/bot.Start()
	C:/go_projects/rBot/internal/bot/bot.go:20 +0x4f
main.main()
	C:/go_projects/rBot/main.go:16 +0x7b 
[36mINFO[0m[2026-09-21T22:26:36+03:00] Бот запущен!                                 
[31mERRO[0m[2026-09-21T22:26:36+03:00] PANIC!
Info:
Ну тут это, бэда!

STACK: 
goroutine 1 [running]:
runtime/debug.Stack()
	C:/Program Files/Go/src/runtime/debug/stack.go:26 +0x5e
rBot/internal/service/logger.(*MyLogger).Panic(0x282daeb581e0, {0x282daecb1ee0, 0x1, 0x7ff7dda59a60?})
	C:/go_projects/rBot/internal/service/logger/myLogger.go:106 +0x1d7
rBot/internal/bot.Start()
	C:/go_projects/rBot/internal/bot/bot.go:20 +0x4f
main.main()
	C:/go_projects/rBot/main.go:16 +0x7b 
[36mINFO[0m[2026-09-21T22:27:51+03:00] Бот запущен!                                 
[31mERRO[0m[2026-09-21T22:27:51+03:00] PANIC!
Info:
Ну тут это, бэда!

STACK: 
goroutine 1 [running]:
rBot/internal/bot.Start()
	C:/go_projects/rBot/internal/bot/bot.go:20 +0x4f
main.main()
	C:/go_projects/rBot/main.go:16 +0x7b 
[36mINFO[0m[2026-09-21T22:28:41+03:00] Бот запущен!                                 
[31mERRO[0m[2026-09-21T22:28:41+03:00] PANIC!
Info:
Ну тут это, бэда!

STACK: 
goroutine 1 [running]:
rBot/internal/bot.Start()
	C:/go_projects/rBot/internal/bot/bot.go:20 +0x4f
main.main()
	C:/go_projects/rBot/main.go:16 +0x7b 
[36mINFO[0m[2026-09-21T22:29:00+03:00] Бот запущен!                                 
[31mERRO[0m[2026-09-21T22:29:00+03:00] PANIC!
Info:
Ну тут это, бэда!

STACK: 
goroutine 1 [running]:
rBot/internal/bot.Start()
	C:/go_projects/rBot/internal/bot/bot.go:20 +0x4f
main.main()
	C:/go_projects/rBot/main.go:16 +0x7b 
[36mINFO[0m[2026-09-21T22:29:43+03:00] Бот запущен!                                 
[31mERRO[0m[2026-09-21T22:29:43+03:00] PANI!
Info:
Ну тут это, бэда!

STACK: 
goroutine 1 [running]:
rBot/internal/bot.Start()
	C:/go_projects/rBot/internal/bot/bot.go:20 +0x4f
main.main()
	C:/go_projects/rBot/main.go:16 +0x7b 
[36mINFO[0m[2026-09-21T22:30:32+03:00] Бот запущен!                                 
[31mERRO[0m[2026-09-21T22:30:32+03:00] PANIC!
PANIC:
Ну тут это, бэда!

STACK: 
goroutine 1 [running]:
rBot/internal/bot.Start()
	C:/go_projects/rBot/internal/bot/bot.go:20 +0x4f
main.main()
	C:/go_projects/rBot/main.go:16 +0x7b 
[36mINFO[0m[2026-09-21T22:40:31+03:00] Бот запущен!                                 
[36mINFO[0m[2026-09-21T22:40:44+03:00] Рассылка завершена!                          
[31mERRO[0m[2026-09-21T22:41:26+03:00] При отправке обновления: bad request, Bad Request: RICH_MESSAGE_CONTENT_REQUIRED

STACK: 
goroutine 21 [running]:
rBot/internal/schedule/sendingNewSh.SendingNewSchedule(0x1, {0x7ff6fff6cb5b, 0xd})
	C:/go_projects/rBot/internal/schedule/sendingNewSh/sendingNewSchedule.go:205 +0xabc
rBot/internal/schedule/checkNewSh.startProcessNewSh({0x2dd2e0248000, 0x7fbd1, 0x80000}, 0x1)
	C:/go_projects/rBot/internal/schedule/checkNewSh/processNewSh.go:63 +0x3de
rBot/internal/schedule/checkNewSh.StartNewShChecking()
	C:/go_projects/rBot/internal/schedule/checkNewSh/startNewShChecking.go:81 +0x48c
created by rBot/internal/bot.Start in goroutine 1
	C:/go_projects/rBot/internal/bot/bot.go:26 +0x105 
[31mERRO[0m[2026-09-21T22:41:26+03:00] При отправке обновления: bad request, Bad Request: RICH_MESSAGE_CONTENT_REQUIRED

STACK: 
goroutine 21 [running]:
rBot/internal/schedule/sendingNewSh.SendingNewSchedule(0x1, {0x7ff6fff6cb5b, 0xd})
	C:/go_projects/rBot/internal/schedule/sendingNewSh/sendingNewSchedule.go:205 +0xabc
rBot/internal/schedule/checkNewSh.startProcessNewSh({0x2dd2e0248000, 0x7fbd1, 0x80000}, 0x1)
	C:/go_projects/rBot/internal/schedule/checkNewSh/processNewSh.go:63 +0x3de
rBot/internal/schedule/checkNewSh.StartNewShChecking()
	C:/go_projects/rBot/internal/schedule/checkNewSh/startNewShChecking.go:81 +0x48c
created by rBot/internal/bot.Start in goroutine 1
	C:/go_projects/rBot/internal/bot/bot.go:26 +0x105 
[31mERRO[0m[2026-09-21T22:41:27+03:00] При отправке обновления: bad request, Bad Request: RICH_MESSAGE_CONTENT_REQUIRED

STACK: 
goroutine 21 [running]:
rBot/internal/schedule/sendingNewSh.SendingNewSchedule(0x1, {0x7ff6fff6cb5b, 0xd})
	C:/go_projects/rBot/internal/schedule/sendingNewSh/sendingNewSchedule.go:205 +0xabc
rBot/internal/schedule/checkNewSh.startProcessNewSh({0x2dd2e0248000, 0x7fbd1, 0x80000}, 0x1)
	C:/go_projects/rBot/internal/schedule/checkNewSh/processNewSh.go:63 +0x3de
rBot/internal/schedule/checkNewSh.StartNewShChecking()
	C:/go_projects/rBot/internal/schedule/checkNewSh/startNewShChecking.go:81 +0x48c
created by rBot/internal/bot.Start in goroutine 1
	C:/go_projects/rBot/internal/bot/bot.go:26 +0x105 
[31mERRO[0m[2026-09-21T22:41:27+03:00] При отправке обновления: bad request, Bad Request: RICH_MESSAGE_CONTENT_REQUIRED

STACK: 
goroutine 21 [running]:
rBot/internal/schedule/sendingNewSh.SendingNewSchedule(0x1, {0x7ff6fff6cb5b, 0xd})
	C:/go_projects/rBot/internal/schedule/sendingNewSh/sendingNewSchedule.go:205 +0xabc
rBot/internal/schedule/checkNewSh.startProcessNewSh({0x2dd2e0248000, 0x7fbd1, 0x80000}, 0x1)
	C:/go_projects/rBot/internal/schedule/checkNewSh/processNewSh.go:63 +0x3de
rBot/internal/schedule/checkNewSh.StartNewShChecking()
	C:/go_projects/rBot/internal/schedule/checkNewSh/startNewShChecking.go:81 +0x48c
created by rBot/internal/bot.Start in goroutine 1
	C:/go_projects/rBot/internal/bot/bot.go:26 +0x105 
[31mERRO[0m[2026-09-21T22:41:27+03:00] При отправке обновления: bad request, Bad Request: RICH_MESSAGE_CONTENT_REQUIRED

STACK: 
goroutine 21 [running]:
rBot/internal/schedule/sendingNewSh.SendingNewSchedule(0x1, {0x7ff6fff6cb5b, 0xd})
	C:/go_projects/rBot/internal/schedule/sendingNewSh/sendingNewSchedule.go:205 +0xabc
rBot/internal/schedule/checkNewSh.startProcessNewSh({0x2dd2e0248000, 0x7fbd1, 0x80000}, 0x1)
	C:/go_projects/rBot/internal/schedule/checkNewSh/processNewSh.go:63 +0x3de
rBot/internal/schedule/checkNewSh.StartNewShChecking()
	C:/go_projects/rBot/internal/schedule/checkNewSh/startNewShChecking.go:81 +0x48c
created by rBot/internal/bot.Start in goroutine 1
	C:/go_projects/rBot/internal/bot/bot.go:26 +0x105 
[31mERRO[0m[2026-09-21T22:41:27+03:00] При отправке обновления: bad request, Bad Request: RICH_MESSAGE_CONTENT_REQUIRED

STACK: 
goroutine 21 [running]:
rBot/internal/schedule/sendingNewSh.SendingNewSchedule(0x1, {0x7ff6fff6cb5b, 0xd})
	C:/go_projects/rBot/internal/schedule/sendingNewSh/sendingNewSchedule.go:205 +0xabc
rBot/internal/schedule/checkNewSh.startProcessNewSh({0x2dd2e0248000, 0x7fbd1, 0x80000}, 0x1)
	C:/go_projects/rBot/internal/schedule/checkNewSh/processNewSh.go:63 +0x3de
rBot/internal/schedule/checkNewSh.StartNewShChecking()
	C:/go_projects/rBot/internal/schedule/checkNewSh/startNewShChecking.go:81 +0x48c
created by rBot/internal/bot.Start in goroutine 1
	C:/go_projects/rBot/internal/bot/bot.go:26 +0x105 
[31mERRO[0m[2026-09-21T22:41:27+03:00] При отправке обновления: bad request, Bad Request: RICH_MESSAGE_CONTENT_REQUIRED

STACK: 
goroutine 21 [running]:
rBot/internal/schedule/sendingNewSh.SendingNewSchedule(0x1, {0x7ff6fff6cb5b, 0xd})
	C:/go_projects/rBot/internal/schedule/sendingNewSh/sendingNewSchedule.go:205 +0xabc
rBot/internal/schedule/checkNewSh.startProcessNewSh({0x2dd2e0248000, 0x7fbd1, 0x80000}, 0x1)
	C:/go_projects/rBot/internal/schedule/checkNewSh/processNewSh.go:63 +0x3de
rBot/internal/schedule/checkNewSh.StartNewShChecking()
	C:/go_projects/rBot/internal/schedule/checkNewSh/startNewShChecking.go:81 +0x48c
created by rBot/internal/bot.Start in goroutine 1
	C:/go_projects/rBot/internal/bot/bot.go:26 +0x105 
[31mERRO[0m[2026-09-21T22:41:27+03:00] При отправке обновления: bad request, Bad Request: RICH_MESSAGE_CONTENT_REQUIRED

STACK: 
goroutine 21 [running]:
rBot/internal/schedule/sendingNewSh.SendingNewSchedule(0x1, {0x7ff6fff6cb5b, 0xd})
	C:/go_projects/rBot/internal/schedule/sendingNewSh/sendingNewSchedule.go:205 +0xabc
rBot/internal/schedule/checkNewSh.startProcessNewSh({0x2dd2e0248000, 0x7fbd1, 0x80000}, 0x1)
	C:/go_projects/rBot/internal/schedule/checkNewSh/processNewSh.go:63 +0x3de
rBot/internal/schedule/checkNewSh.StartNewShChecking()
	C:/go_projects/rBot/internal/schedule/checkNewSh/startNewShChecking.go:81 +0x48c
created by rBot/internal/bot.Start in goroutine 1
	C:/go_projects/rBot/internal/bot/bot.go:26 +0x105 
[31mERRO[0m[2026-09-21T22:41:27+03:00] При отправке обновления: bad request, Bad Request: RICH_MESSAGE_CONTENT_REQUIRED

STACK: 
goroutine 21 [running]:
rBot/internal/schedule/sendingNewSh.SendingNewSchedule(0x1, {0x7ff6fff6cb5b, 0xd})
	C:/go_projects/rBot/internal/schedule/sendingNewSh/sendingNewSchedule.go:205 +0xabc
rBot/internal/schedule/checkNewSh.startProcessNewSh({0x2dd2e0248000, 0x7fbd1, 0x80000}, 0x1)
	C:/go_projects/rBot/internal/schedule/checkNewSh/processNewSh.go:63 +0x3de
rBot/internal/schedule/checkNewSh.StartNewShChecking()
	C:/go_projects/rBot/internal/schedule/checkNewSh/startNewShChecking.go:81 +0x48c
created by rBot/internal/bot.Start in goroutine 1
	C:/go_projects/rBot/internal/bot/bot.go:26 +0x105 
[31mERRO[0m[2026-09-21T22:41:28+03:00] При отправке обновления: bad request, Bad Request: RICH_MESSAGE_CONTENT_REQUIRED

STACK: 
goroutine 21 [running]:
rBot/internal/schedule/sendingNewSh.SendingNewSchedule(0x1, {0x7ff6fff6cb5b, 0xd})
	C:/go_projects/rBot/internal/schedule/sendingNewSh/sendingNewSchedule.go:205 +0xabc
rBot/internal/schedule/checkNewSh.startProcessNewSh({0x2dd2e0248000, 0x7fbd1, 0x80000}, 0x1)
	C:/go_projects/rBot/internal/schedule/checkNewSh/processNewSh.go:63 +0x3de
rBot/internal/schedule/checkNewSh.StartNewShChecking()
	C:/go_projects/rBot/internal/schedule/checkNewSh/startNewShChecking.go:81 +0x48c
created by rBot/internal/bot.Start in goroutine 1
	C:/go_projects/rBot/internal/bot/bot.go:26 +0x105 
[31mERRO[0m[2026-09-21T22:41:28+03:00] При отправке обновления: bad request, Bad Request: RICH_MESSAGE_CONTENT_REQUIRED

STACK: 
goroutine 21 [running]:
rBot/internal/schedule/sendingNewSh.SendingNewSchedule(0x1, {0x7ff6fff6cb5b, 0xd})
	C:/go_projects/rBot/internal/schedule/sendingNewSh/sendingNewSchedule.go:205 +0xabc
rBot/internal/schedule/checkNewSh.startProcessNewSh({0x2dd2e0248000, 0x7fbd1, 0x80000}, 0x1)
	C:/go_projects/rBot/internal/schedule/checkNewSh/processNewSh.go:63 +0x3de
rBot/internal/schedule/checkNewSh.StartNewShChecking()
	C:/go_projects/rBot/internal/schedule/checkNewSh/startNewShChecking.go:81 +0x48c
created by rBot/internal/bot.Start in goroutine 1
	C:/go_projects/rBot/internal/bot/bot.go:26 +0x105 
[31mERRO[0m[2026-09-21T22:41:28+03:00] При отправке обновления: bad request, Bad Request: RICH_MESSAGE_CONTENT_REQUIRED

STACK: 
goroutine 21 [running]:
rBot/internal/schedule/sendingNewSh.SendingNewSchedule(0x1, {0x7ff6fff6cb5b, 0xd})
	C:/go_projects/rBot/internal/schedule/sendingNewSh/sendingNewSchedule.go:205 +0xabc
rBot/internal/schedule/checkNewSh.startProcessNewSh({0x2dd2e0248000, 0x7fbd1, 0x80000}, 0x1)
	C:/go_projects/rBot/internal/schedule/checkNewSh/processNewSh.go:63 +0x3de
rBot/internal/schedule/checkNewSh.StartNewShChecking()
	C:/go_projects/rBot/internal/schedule/checkNewSh/startNewShChecking.go:81 +0x48c
created by rBot/internal/bot.Start in goroutine 1
	C:/go_projects/rBot/internal/bot/bot.go:26 +0x105 
[31mERRO[0m[2026-09-21T22:41:28+03:00] При отправке обновления: bad request, Bad Request: RICH_MESSAGE_CONTENT_REQUIRED

STACK: 
goroutine 21 [running]:
rBot/internal/schedule/sendingNewSh.SendingNewSchedule(0x1, {0x7ff6fff6cb5b, 0xd})
	C:/go_projects/rBot/internal/schedule/sendingNewSh/sendingNewSchedule.go:205 +0xabc
rBot/internal/schedule/checkNewSh.startProcessNewSh({0x2dd2e0248000, 0x7fbd1, 0x80000}, 0x1)
	C:/go_projects/rBot/internal/schedule/checkNewSh/processNewSh.go:63 +0x3de
rBot/internal/schedule/checkNewSh.StartNewShChecking()
	C:/go_projects/rBot/internal/schedule/checkNewSh/startNewShChecking.go:81 +0x48c
created by rBot/internal/bot.Start in goroutine 1
	C:/go_projects/rBot/internal/bot/bot.go:26 +0x105 
[31mERRO[0m[2026-09-21T22:41:28+03:00] При отправке обновления: bad request, Bad Request: RICH_MESSAGE_CONTENT_REQUIRED

STACK: 
goroutine 21 [running]:
rBot/internal/schedule/sendingNewSh.SendingNewSchedule(0x1, {0x7ff6fff6cb5b, 0xd})
	C:/go_projects/rBot/internal/schedule/sendingNewSh/sendingNewSchedule.go:205 +0xabc
rBot/internal/schedule/checkNewSh.startProcessNewSh({0x2dd2e0248000, 0x7fbd1, 0x80000}, 0x1)
	C:/go_projects/rBot/internal/schedule/checkNewSh/processNewSh.go:63 +0x3de
rBot/internal/schedule/checkNewSh.StartNewShChecking()
	C:/go_projects/rBot/internal/schedule/checkNewSh/startNewShChecking.go:81 +0x48c
created by rBot/internal/bot.Start in goroutine 1
	C:/go_projects/rBot/internal/bot/bot.go:26 +0x105 
[31mERRO[0m[2026-09-21T22:41:28+03:00] При отправке обновления: bad request, Bad Request: RICH_MESSAGE_CONTENT_REQUIRED

STACK: 
goroutine 21 [running]:
rBot/internal/schedule/sendingNewSh.SendingNewSchedule(0x1, {0x7ff6fff6cb5b, 0xd})
	C:/go_projects/rBot/internal/schedule/sendingNewSh/sendingNewSchedule.go:205 +0xabc
rBot/internal/schedule/checkNewSh.startProcessNewSh({0x2dd2e0248000, 0x7fbd1, 0x80000}, 0x1)
	C:/go_projects/rBot/internal/schedule/checkNewSh/processNewSh.go:63 +0x3de
rBot/internal/schedule/checkNewSh.StartNewShChecking()
	C:/go_projects/rBot/internal/schedule/checkNewSh/startNewShChecking.go:81 +0x48c
created by rBot/internal/bot.Start in goroutine 1
	C:/go_projects/rBot/internal/bot/bot.go:26 +0x105 
[31mERRO[0m[2026-09-21T22:41:28+03:00] При отправке обновления: bad request, Bad Request: RICH_MESSAGE_CONTENT_REQUIRED

STACK: 
goroutine 21 [running]:
rBot/internal/schedule/sendingNewSh.SendingNewSchedule(0x1, {0x7ff6fff6cb5b, 0xd})
	C:/go_projects/rBot/internal/schedule/sendingNewSh/sendingNewSchedule.go:205 +0xabc
rBot/internal/schedule/checkNewSh.startProcessNewSh({0x2dd2e0248000, 0x7fbd1, 0x80000}, 0x1)
	C:/go_projects/rBot/internal/schedule/checkNewSh/processNewSh.go:63 +0x3de
rBot/internal/schedule/checkNewSh.StartNewShChecking()
	C:/go_projects/rBot/internal/schedule/checkNewSh/startNewShChecking.go:81 +0x48c
created by rBot/internal/bot.Start in goroutine 1
	C:/go_projects/rBot/internal/bot/bot.go:26 +0x105 
[31mERRO[0m[2026-09-21T22:41:28+03:00] При отправке обновления: bad request, Bad Request: RICH_MESSAGE_CONTENT_REQUIRED

STACK: 
goroutine 21 [running]:
rBot/internal/schedule/sendingNewSh.SendingNewSchedule(0x1, {0x7ff6fff6cb5b, 0xd})
	C:/go_projects/rBot/internal/schedule/sendingNewSh/sendingNewSchedule.go:205 +0xabc
rBot/internal/schedule/checkNewSh.startProcessNewSh({0x2dd2e0248000, 0x7fbd1, 0x80000}, 0x1)
	C:/go_projects/rBot/internal/schedule/checkNewSh/processNewSh.go:63 +0x3de
rBot/internal/schedule/checkNewSh.StartNewShChecking()
	C:/go_projects/rBot/internal/schedule/checkNewSh/startNewShChecking.go:81 +0x48c
created by rBot/internal/bot.Start in goroutine 1
	C:/go_projects/rBot/internal/bot/bot.go:26 +0x105 
[31mERRO[0m[2026-09-21T22:41:29+03:00] При отправке обновления: bad request, Bad Request: RICH_MESSAGE_CONTENT_REQUIRED

STACK: 
goroutine 21 [running]:
rBot/internal/schedule/sendingNewSh.SendingNewSchedule(0x1, {0x7ff6fff6cb5b, 0xd})
	C:/go_projects/rBot/internal/schedule/sendingNewSh/sendingNewSchedule.go:205 +0xabc
rBot/internal/schedule/checkNewSh.startProcessNewSh({0x2dd2e0248000, 0x7fbd1, 0x80000}, 0x1)
	C:/go_projects/rBot/internal/schedule/checkNewSh/processNewSh.go:63 +0x3de
rBot/internal/schedule/checkNewSh.StartNewShChecking()
	C:/go_projects/rBot/internal/schedule/checkNewSh/startNewShChecking.go:81 +0x48c
created by rBot/internal/bot.Start in goroutine 1
	C:/go_projects/rBot/internal/bot/bot.go:26 +0x105 
[31mERRO[0m[2026-09-21T22:41:29+03:00] При отправке обновления: bad request, Bad Request: RICH_MESSAGE_CONTENT_REQUIRED

STACK: 
goroutine 21 [running]:
rBot/internal/schedule/sendingNewSh.SendingNewSchedule(0x1, {0x7ff6fff6cb5b, 0xd})
	C:/go_projects/rBot/internal/schedule/sendingNewSh/sendingNewSchedule.go:205 +0xabc
rBot/internal/schedule/checkNewSh.startProcessNewSh({0x2dd2e0248000, 0x7fbd1, 0x80000}, 0x1)
	C:/go_projects/rBot/internal/schedule/checkNewSh/processNewSh.go:63 +0x3de
rBot/internal/schedule/checkNewSh.StartNewShChecking()
	C:/go_projects/rBot/internal/schedule/checkNewSh/startNewShChecking.go:81 +0x48c
created by rBot/internal/bot.Start in goroutine 1
	C:/go_projects/rBot/internal/bot/bot.go:26 +0x105 
[31mERRO[0m[2026-09-21T22:41:29+03:00] При отправке обновления: bad request, Bad Request: RICH_MESSAGE_CONTENT_REQUIRED

STACK: 
goroutine 21 [running]:
rBot/internal/schedule/sendingNewSh.SendingNewSchedule(0x1, {0x7ff6fff6cb5b, 0xd})
	C:/go_projects/rBot/internal/schedule/sendingNewSh/sendingNewSchedule.go:205 +0xabc
rBot/internal/schedule/checkNewSh.startProcessNewSh({0x2dd2e0248000, 0x7fbd1, 0x80000}, 0x1)
	C:/go_projects/rBot/internal/schedule/checkNewSh/processNewSh.go:63 +0x3de
rBot/internal/schedule/checkNewSh.StartNewShChecking()
	C:/go_projects/rBot/internal/schedule/checkNewSh/startNewShChecking.go:81 +0x48c
created by rBot/internal/bot.Start in goroutine 1
	C:/go_projects/rBot/internal/bot/bot.go:26 +0x105 
[31mERRO[0m[2026-09-21T22:41:29+03:00] ОЧЕНЬ ПЛОХО! (не удалось обновить расписание) ---------------------- bad request, Bad Request: RICH_MESSAGE_CONTENT_REQUIRED

STACK: 
goroutine 21 [running]:
rBot/internal/schedule/sendingNewSh.SendingNewSchedule(0x1, {0x7ff6fff6cb5b, 0xd})
	C:/go_projects/rBot/internal/schedule/sendingNewSh/sendingNewSchedule.go:207 +0xb4b
rBot/internal/schedule/checkNewSh.startProcessNewSh({0x2dd2e0248000, 0x7fbd1, 0x80000}, 0x1)
	C:/go_projects/rBot/internal/schedule/checkNewSh/processNewSh.go:63 +0x3de
rBot/internal/schedule/checkNewSh.StartNewShChecking()
	C:/go_projects/rBot/internal/schedule/checkNewSh/startNewShChecking.go:81 +0x48c
created by rBot/internal/bot.Start in goroutine 1
	C:/go_projects/rBot/internal/bot/bot.go:26 +0x105 
[31mERRO[0m[2026-09-21T22:41:29+03:00] При отправке обновления: bad request, Bad Request: RICH_MESSAGE_CONTENT_REQUIRED

STACK: 
goroutine 21 [running]:
rBot/internal/schedule/sendingNewSh.SendingNewSchedule(0x1, {0x7ff6fff6cb5b, 0xd})
	C:/go_projects/rBot/internal/schedule/sendingNewSh/sendingNewSchedule.go:205 +0xabc
rBot/internal/schedule/checkNewSh.startProcessNewSh({0x2dd2e0248000, 0x7fbd1, 0x80000}, 0x1)
	C:/go_projects/rBot/internal/schedule/checkNewSh/processNewSh.go:63 +0x3de
rBot/internal/schedule/checkNewSh.StartNewShChecking()
	C:/go_projects/rBot/internal/schedule/checkNewSh/startNewShChecking.go:81 +0x48c
created by rBot/internal/bot.Start in goroutine 1
	C:/go_projects/rBot/internal/bot/bot.go:26 +0x105 
[31mERRO[0m[2026-09-21T22:41:29+03:00] При отправке обновления: bad request, Bad Request: RICH_MESSAGE_CONTENT_REQUIRED

STACK: 
goroutine 21 [running]:
rBot/internal/schedule/sendingNewSh.SendingNewSchedule(0x1, {0x7ff6fff6cb5b, 0xd})
	C:/go_projects/rBot/internal/schedule/sendingNewSh/sendingNewSchedule.go:205 +0xabc
rBot/internal/schedule/checkNewSh.startProcessNewSh({0x2dd2e0248000, 0x7fbd1, 0x80000}, 0x1)
	C:/go_projects/rBot/internal/schedule/checkNewSh/processNewSh.go:63 +0x3de
rBot/internal/schedule/checkNewSh.StartNewShChecking()
	C:/go_projects/rBot/internal/schedule/checkNewSh/startNewShChecking.go:81 +0x48c
created by rBot/internal/bot.Start in goroutine 1
	C:/go_projects/rBot/internal/bot/bot.go:26 +0x105 
[31mERRO[0m[2026-09-21T22:41:29+03:00] При отправке обновления: bad request, Bad Request: RICH_MESSAGE_CONTENT_REQUIRED

STACK: 
goroutine 21 [running]:
rBot/internal/schedule/sendingNewSh.SendingNewSchedule(0x1, {0x7ff6fff6cb5b, 0xd})
	C:/go_projects/rBot/internal/schedule/sendingNewSh/sendingNewSchedule.go:205 +0xabc
rBot/internal/schedule/checkNewSh.startProcessNewSh({0x2dd2e0248000, 0x7fbd1, 0x80000}, 0x1)
	C:/go_projects/rBot/internal/schedule/checkNewSh/processNewSh.go:63 +0x3de
rBot/internal/schedule/checkNewSh.StartNewShChecking()
	C:/go_projects/rBot/internal/schedule/checkNewSh/startNewShChecking.go:81 +0x48c
created by rBot/internal/bot.Start in goroutine 1
	C:/go_projects/rBot/internal/bot/bot.go:26 +0x105 
[31mERRO[0m[2026-09-21T22:41:29+03:00] При отправке обновления: bad request, Bad Request: RICH_MESSAGE_CONTENT_REQUIRED

STACK: 
goroutine 21 [running]:
rBot/internal/schedule/sendingNewSh.SendingNewSchedule(0x1, {0x7ff6fff6cb5b, 0xd})
	C:/go_projects/rBot/internal/schedule/sendingNewSh/sendingNewSchedule.go:205 +0xabc
rBot/internal/schedule/checkNewSh.startProcessNewSh({0x2dd2e0248000, 0x7fbd1, 0x80000}, 0x1)
	C:/go_projects/rBot/internal/schedule/checkNewSh/processNewSh.go:63 +0x3de
rBot/internal/schedule/checkNewSh.StartNewShChecking()
	C:/go_projects/rBot/internal/schedule/checkNewSh/startNewShChecking.go:81 +0x48c
created by rBot/internal/bot.Start in goroutine 1
	C:/go_projects/rBot/internal/bot/bot.go:26 +0x105 
[31mERRO[0m[2026-09-21T22:41:30+03:00] При отправке обновления: bad request, Bad Request: RICH_MESSAGE_CONTENT_REQUIRED

STACK: 
goroutine 21 [running]:
rBot/internal/schedule/sendingNewSh.SendingNewSchedule(0x1, {0x7ff6fff6cb5b, 0xd})
	C:/go_projects/rBot/internal/schedule/sendingNewSh/sendingNewSchedule.go:205 +0xabc
rBot/internal/schedule/checkNewSh.startProcessNewSh({0x2dd2e0248000, 0x7fbd1, 0x80000}, 0x1)
	C:/go_projects/rBot/internal/schedule/checkNewSh/processNewSh.go:63 +0x3de
rBot/internal/schedule/checkNewSh.StartNewShChecking()
	C:/go_projects/rBot/internal/schedule/checkNewSh/startNewShChecking.go:81 +0x48c
created by rBot/internal/bot.Start in goroutine 1
	C:/go_projects/rBot/internal/bot/bot.go:26 +0x105 
[31mERRO[0m[2026-09-21T22:41:30+03:00] При отправке обновления: bad request, Bad Request: RICH_MESSAGE_CONTENT_REQUIRED

STACK: 
goroutine 21 [running]:
rBot/internal/schedule/sendingNewSh.SendingNewSchedule(0x1, {0x7ff6fff6cb5b, 0xd})
	C:/go_projects/rBot/internal/schedule/sendingNewSh/sendingNewSchedule.go:205 +0xabc
rBot/internal/schedule/checkNewSh.startProcessNewSh({0x2dd2e0248000, 0x7fbd1, 0x80000}, 0x1)
	C:/go_projects/rBot/internal/schedule/checkNewSh/processNewSh.go:63 +0x3de
rBot/internal/schedule/checkNewSh.StartNewShChecking()
	C:/go_projects/rBot/internal/schedule/checkNewSh/startNewShChecking.go:81 +0x48c
created by rBot/internal/bot.Start in goroutine 1
	C:/go_projects/rBot/internal/bot/bot.go:26 +0x105 
[31mERRO[0m[2026-09-21T22:41:30+03:00] При отправке обновления: bad request, Bad Request: RICH_MESSAGE_CONTENT_REQUIRED

STACK: 
goroutine 21 [running]:
rBot/internal/schedule/sendingNewSh.SendingNewSchedule(0x1, {0x7ff6fff6cb5b, 0xd})
	C:/go_projects/rBot/internal/schedule/sendingNewSh/sendingNewSchedule.go:205 +0xabc
rBot/internal/schedule/checkNewSh.startProcessNewSh({0x2dd2e0248000, 0x7fbd1, 0x80000}, 0x1)
	C:/go_projects/rBot/internal/schedule/checkNewSh/processNewSh.go:63 +0x3de
rBot/internal/schedule/checkNewSh.StartNewShChecking()
	C:/go_projects/rBot/internal/schedule/checkNewSh/startNewShChecking.go:81 +0x48c
created by rBot/internal/bot.Start in goroutine 1
	C:/go_projects/rBot/internal/bot/bot.go:26 +0x105 
[31mERRO[0m[2026-09-21T22:41:30+03:00] При отправке обновления: bad request, Bad Request: RICH_MESSAGE_CONTENT_REQUIRED

STACK: 
goroutine 21 [running]:
rBot/internal/schedule/sendingNewSh.SendingNewSchedule(0x1, {0x7ff6fff6cb5b, 0xd})
	C:/go_projects/rBot/internal/schedule/sendingNewSh/sendingNewSchedule.go:205 +0xabc
rBot/internal/schedule/checkNewSh.startProcessNewSh({0x2dd2e0248000, 0x7fbd1, 0x80000}, 0x1)
	C:/go_projects/rBot/internal/schedule/checkNewSh/processNewSh.go:63 +0x3de
rBot/internal/schedule/checkNewSh.StartNewShChecking()
	C:/go_projects/rBot/internal/schedule/checkNewSh/startNewShChecking.go:81 +0x48c
created by rBot/internal/bot.Start in goroutine 1
	C:/go_projects/rBot/internal/bot/bot.go:26 +0x105 
[31mERRO[0m[2026-09-21T22:41:30+03:00] При отправке обновления: bad request, Bad Request: RICH_MESSAGE_CONTENT_REQUIRED

STACK: 
goroutine 21 [running]:
rBot/internal/schedule/sendingNewSh.SendingNewSchedule(0x1, {0x7ff6fff6cb5b, 0xd})
	C:/go_projects/rBot/internal/schedule/sendingNewSh/sendingNewSchedule.go:205 +0xabc
rBot/internal/schedule/checkNewSh.startProcessNewSh({0x2dd2e0248000, 0x7fbd1, 0x80000}, 0x1)
	C:/go_projects/rBot/internal/schedule/checkNewSh/processNewSh.go:63 +0x3de
rBot/internal/schedule/checkNewSh.StartNewShChecking()
	C:/go_projects/rBot/internal/schedule/checkNewSh/startNewShChecking.go:81 +0x48c
created by rBot/internal/bot.Start in goroutine 1
	C:/go_projects/rBot/internal/bot/bot.go:26 +0x105 
[31mERRO[0m[2026-09-21T22:41:30+03:00] При отправке обновления: bad request, Bad Request: RICH_MESSAGE_CONTENT_REQUIRED

STACK: 
goroutine 21 [running]:
rBot/internal/schedule/sendingNewSh.SendingNewSchedule(0x1, {0x7ff6fff6cb5b, 0xd})
	C:/go_projects/rBot/internal/schedule/sendingNewSh/sendingNewSchedule.go:205 +0xabc
rBot/internal/schedule/checkNewSh.startProcessNewSh({0x2dd2e0248000, 0x7fbd1, 0x80000}, 0x1)
	C:/go_projects/rBot/internal/schedule/checkNewSh/processNewSh.go:63 +0x3de
rBot/internal/schedule/checkNewSh.StartNewShChecking()
	C:/go_projects/rBot/internal/schedule/checkNewSh/startNewShChecking.go:81 +0x48c
created by rBot/internal/bot.Start in goroutine 1
	C:/go_projects/rBot/internal/bot/bot.go:26 +0x105 
[31mERRO[0m[2026-09-21T22:41:30+03:00] При отправке обновления: bad request, Bad Request: RICH_MESSAGE_CONTENT_REQUIRED

STACK: 
goroutine 21 [running]:
rBot/internal/schedule/sendingNewSh.SendingNewSchedule(0x1, {0x7ff6fff6cb5b, 0xd})
	C:/go_projects/rBot/internal/schedule/sendingNewSh/sendingNewSchedule.go:205 +0xabc
rBot/internal/schedule/checkNewSh.startProcessNewSh({0x2dd2e0248000, 0x7fbd1, 0x80000}, 0x1)
	C:/go_projects/rBot/internal/schedule/checkNewSh/processNewSh.go:63 +0x3de
rBot/internal/schedule/checkNewSh.StartNewShChecking()
	C:/go_projects/rBot/internal/schedule/checkNewSh/startNewShChecking.go:81 +0x48c
created by rBot/internal/bot.Start in goroutine 1
	C:/go_projects/rBot/internal/bot/bot.go:26 +0x105 
[31mERRO[0m[2026-09-21T22:41:31+03:00] При отправке обновления: bad request, Bad Request: RICH_MESSAGE_CONTENT_REQUIRED

STACK: 
goroutine 21 [running]:
rBot/internal/schedule/sendingNewSh.SendingNewSchedule(0x1, {0x7ff6fff6cb5b, 0xd})
	C:/go_projects/rBot/internal/schedule/sendingNewSh/sendingNewSchedule.go:205 +0xabc
rBot/internal/schedule/checkNewSh.startProcessNewSh({0x2dd2e0248000, 0x7fbd1, 0x80000}, 0x1)
	C:/go_projects/rBot/internal/schedule/checkNewSh/processNewSh.go:63 +0x3de
rBot/internal/schedule/checkNewSh.StartNewShChecking()
	C:/go_projects/rBot/internal/schedule/checkNewSh/startNewShChecking.go:81 +0x48c
created by rBot/internal/bot.Start in goroutine 1
	C:/go_projects/rBot/internal/bot/bot.go:26 +0x105 
[31mERRO[0m[2026-09-21T22:41:31+03:00] При отправке обновления: bad request, Bad Request: RICH_MESSAGE_CONTENT_REQUIRED

STACK: 
goroutine 21 [running]:
rBot/internal/schedule/sendingNewSh.SendingNewSchedule(0x1, {0x7ff6fff6cb5b, 0xd})
	C:/go_projects/rBot/internal/schedule/sendingNewSh/sendingNewSchedule.go:205 +0xabc
rBot/internal/schedule/checkNewSh.startProcessNewSh({0x2dd2e0248000, 0x7fbd1, 0x80000}, 0x1)
	C:/go_projects/rBot/internal/schedule/checkNewSh/processNewSh.go:63 +0x3de
rBot/internal/schedule/checkNewSh.StartNewShChecking()
	C:/go_projects/rBot/internal/schedule/checkNewSh/startNewShChecking.go:81 +0x48c
created by rBot/internal/bot.Start in goroutine 1
	C:/go_projects/rBot/internal/bot/bot.go:26 +0x105 
[31mERRO[0m[2026-09-21T22:41:31+03:00] При отправке обновления: bad request, Bad Request: RICH_MESSAGE_CONTENT_REQUIRED

STACK: 
goroutine 21 [running]:
rBot/internal/schedule/sendingNewSh.SendingNewSchedule(0x1, {0x7ff6fff6cb5b, 0xd})
	C:/go_projects/rBot/internal/schedule/sendingNewSh/sendingNewSchedule.go:205 +0xabc
rBot/internal/schedule/checkNewSh.startProcessNewSh({0x2dd2e0248000, 0x7fbd1, 0x80000}, 0x1)
	C:/go_projects/rBot/internal/schedule/checkNewSh/processNewSh.go:63 +0x3de
rBot/internal/schedule/checkNewSh.StartNewShChecking()
	C:/go_projects/rBot/internal/schedule/checkNewSh/startNewShChecking.go:81 +0x48c
created by rBot/internal/bot.Start in goroutine 1
	C:/go_projects/rBot/internal/bot/bot.go:26 +0x105 
[31mERRO[0m[2026-09-21T22:41:31+03:00] При отправке обновления: bad request, Bad Request: RICH_MESSAGE_CONTENT_REQUIRED

STACK: 
goroutine 21 [running]:
rBot/internal/schedule/sendingNewSh.SendingNewSchedule(0x1, {0x7ff6fff6cb5b, 0xd})
	C:/go_projects/rBot/internal/schedule/sendingNewSh/sendingNewSchedule.go:205 +0xabc
rBot/internal/schedule/checkNewSh.startProcessNewSh({0x2dd2e0248000, 0x7fbd1, 0x80000}, 0x1)
	C:/go_projects/rBot/internal/schedule/checkNewSh/processNewSh.go:63 +0x3de
rBot/internal/schedule/checkNewSh.StartNewShChecking()
	C:/go_projects/rBot/internal/schedule/checkNewSh/startNewShChecking.go:81 +0x48c
created by rBot/internal/bot.Start in goroutine 1
	C:/go_projects/rBot/internal/bot/bot.go:26 +0x105 
[31mERRO[0m[2026-09-21T22:41:31+03:00] При отправке обновления: bad request, Bad Request: RICH_MESSAGE_CONTENT_REQUIRED

STACK: 
goroutine 21 [running]:
rBot/internal/schedule/sendingNewSh.SendingNewSchedule(0x1, {0x7ff6fff6cb5b, 0xd})
	C:/go_projects/rBot/internal/schedule/sendingNewSh/sendingNewSchedule.go:205 +0xabc
rBot/internal/schedule/checkNewSh.startProcessNewSh({0x2dd2e0248000, 0x7fbd1, 0x80000}, 0x1)
	C:/go_projects/rBot/internal/schedule/checkNewSh/processNewSh.go:63 +0x3de
rBot/internal/schedule/checkNewSh.StartNewShChecking()
	C:/go_projects/rBot/internal/schedule/checkNewSh/startNewShChecking.go:81 +0x48c
created by rBot/internal/bot.Start in goroutine 1
	C:/go_projects/rBot/internal/bot/bot.go:26 +0x105 
[31mERRO[0m[2026-09-21T22:41:31+03:00] При отправке обновления: bad request, Bad Request: RICH_MESSAGE_CONTENT_REQUIRED

STACK: 
goroutine 21 [running]:
rBot/internal/schedule/sendingNewSh.SendingNewSchedule(0x1, {0x7ff6fff6cb5b, 0xd})
	C:/go_projects/rBot/internal/schedule/sendingNewSh/sendingNewSchedule.go:205 +0xabc
rBot/internal/schedule/checkNewSh.startProcessNewSh({0x2dd2e0248000, 0x7fbd1, 0x80000}, 0x1)
	C:/go_projects/rBot/internal/schedule/checkNewSh/processNewSh.go:63 +0x3de
rBot/internal/schedule/checkNewSh.StartNewShChecking()
	C:/go_projects/rBot/internal/schedule/checkNewSh/startNewShChecking.go:81 +0x48c
created by rBot/internal/bot.Start in goroutine 1
	C:/go_projects/rBot/internal/bot/bot.go:26 +0x105 
[31mERRO[0m[2026-09-21T22:41:31+03:00] При отправке обновления: bad request, Bad Request: RICH_MESSAGE_CONTENT_REQUIRED

STACK: 
goroutine 21 [running]:
rBot/internal/schedule/sendingNewSh.SendingNewSchedule(0x1, {0x7ff6fff6cb5b, 0xd})
	C:/go_projects/rBot/internal/schedule/sendingNewSh/sendingNewSchedule.go:205 +0xabc
rBot/internal/schedule/checkNewSh.startProcessNewSh({0x2dd2e0248000, 0x7fbd1, 0x80000}, 0x1)
	C:/go_projects/rBot/internal/schedule/checkNewSh/processNewSh.go:63 +0x3de
rBot/internal/schedule/checkNewSh.StartNewShChecking()
	C:/go_projects/rBot/internal/schedule/checkNewSh/startNewShChecking.go:81 +0x48c
created by rBot/internal/bot.Start in goroutine 1
	C:/go_projects/rBot/internal/bot/bot.go:26 +0x105 
[31mERRO[0m[2026-09-21T22:41:31+03:00] При отправке обновления: bad request, Bad Request: RICH_MESSAGE_CONTENT_REQUIRED

STACK: 
goroutine 21 [running]:
rBot/internal/schedule/sendingNewSh.SendingNewSchedule(0x1, {0x7ff6fff6cb5b, 0xd})
	C:/go_projects/rBot/internal/schedule/sendingNewSh/sendingNewSchedule.go:205 +0xabc
rBot/internal/schedule/checkNewSh.startProcessNewSh({0x2dd2e0248000, 0x7fbd1, 0x80000}, 0x1)
	C:/go_projects/rBot/internal/schedule/checkNewSh/processNewSh.go:63 +0x3de
rBot/internal/schedule/checkNewSh.StartNewShChecking()
	C:/go_projects/rBot/internal/schedule/checkNewSh/startNewShChecking.go:81 +0x48c
created by rBot/internal/bot.Start in goroutine 1
	C:/go_projects/rBot/internal/bot/bot.go:26 +0x105 
[31mERRO[0m[2026-09-21T22:41:32+03:00] При отправке обновления: bad request, Bad Request: RICH_MESSAGE_CONTENT_REQUIRED

STACK: 
goroutine 21 [running]:
rBot/internal/schedule/sendingNewSh.SendingNewSchedule(0x1, {0x7ff6fff6cb5b, 0xd})
	C:/go_projects/rBot/internal/schedule/sendingNewSh/sendingNewSchedule.go:205 +0xabc
rBot/internal/schedule/checkNewSh.startProcessNewSh({0x2dd2e0248000, 0x7fbd1, 0x80000}, 0x1)
	C:/go_projects/rBot/internal/schedule/checkNewSh/processNewSh.go:63 +0x3de
rBot/internal/schedule/checkNewSh.StartNewShChecking()
	C:/go_projects/rBot/internal/schedule/checkNewSh/startNewShChecking.go:81 +0x48c
created by rBot/internal/bot.Start in goroutine 1
	C:/go_projects/rBot/internal/bot/bot.go:26 +0x105 
[31mERRO[0m[2026-09-21T22:41:32+03:00] ОЧЕНЬ ПЛОХО! (не удалось обновить расписание) ---------------------- bad request, Bad Request: RICH_MESSAGE_CONTENT_REQUIRED

STACK: 
goroutine 21 [running]:
rBot/internal/schedule/sendingNewSh.SendingNewSchedule(0x1, {0x7ff6fff6cb5b, 0xd})
	C:/go_projects/rBot/internal/schedule/sendingNewSh/sendingNewSchedule.go:207 +0xb4b
rBot/internal/schedule/checkNewSh.startProcessNewSh({0x2dd2e0248000, 0x7fbd1, 0x80000}, 0x1)
	C:/go_projects/rBot/internal/schedule/checkNewSh/processNewSh.go:63 +0x3de
rBot/internal/schedule/checkNewSh.StartNewShChecking()
	C:/go_projects/rBot/internal/schedule/checkNewSh/startNewShChecking.go:81 +0x48c
created by rBot/internal/bot.Start in goroutine 1
	C:/go_projects/rBot/internal/bot/bot.go:26 +0x105 
[36mINFO[0m[2026-09-21T22:41:32+03:00] Рассылка завершена!                          
[36mINFO[0m[2026-09-21T23:06:00+03:00] Бот запущен!                                 
[36mINFO[0m[2026-09-21T23:06:30+03:00] Бот запущен!                                 
[36mINFO[0m[2026-09-21T23:06:31+03:00] Не найден файл spo.pdf                       
[36mINFO[0m[2026-09-21T23:06:31+03:00] Не найден файл npo.pdf                       
[36mINFO[0m[2026-09-21T23:06:31+03:00] Начало обработки нового расписания, 0 корпус 
[36mINFO[0m[2026-09-21T23:07:34+03:00] Начало отправки нового расписания в буферные группы 
[36mINFO[0m[2026-09-21T23:07:44+03:00] Конец отправки нового расписания в буферные группы 
[36mINFO[0m[2026-09-21T23:07:44+03:00] Рассылка                                     
[36mINFO[0m[2026-09-21T23:07:45+03:00] Рассылка завершена!                          
[36mINFO[0m[2026-09-21T23:08:25+03:00] Начало обработки нового расписания, 1 корпус 
[36mINFO[0m[2026-09-21T23:09:12+03:00] Начало отправки нового расписания в буферные группы 
[36mINFO[0m[2026-09-21T23:09:16+03:00] Конец отправки нового расписания в буферные группы 
[36mINFO[0m[2026-09-21T23:09:16+03:00] Рассылка                                     
[36mINFO[0m[2026-09-21T23:09:17+03:00] Рассылка завершена!                          
[36mINFO[0m[2026-09-21T23:17:56+03:00] Бот запущен!                                 
[36mINFO[0m[2026-09-22T01:51:00+03:00] Бот запущен!                                 
